Microchip MPLAB XC8 Compiler V2.45

Linker command line:

-W-3 \
  --edf=C:\Program Files\Microchip\xc8\v2.45\pic\dat\20230818022343_en.msgs \
  -cn -h+dist/default/debug\Embedded_systems.debug.sym \
  --cmf=dist/default/debug\Embedded_systems.debug.cmf -z -Q18F4620 \
  -oC:\Users\Blu-Ray\AppData\Local\Temp\xcAsa48.\driver_tmp_3.o \
  --defsym=__MPLAB_BUILD=1 --fixupoverflow=error \
  -Mdist/default/debug/Embedded_systems.debug.map \
  --md=C:\Users\Blu-Ray\AppData\Local\Temp\xcAsa48.\driver_tmp_0.dat -E1 \
  -ver=XC8 Compiler --acfsm=1493 -ACODE=00h-0FFFFh -ACONST=00h-0FFFFh \
  -ASMALLCONST=01000h-010FFhx240 -AMEDIUMCONST=01000h-0FFFFh \
  -ACOMRAM=01h-07Fh -AABS1=00h-0F7Fh -ABIGRAM=01h-0F7Fh \
  -ARAM=080h-0FFh,0100h-01FFhx14,0F00h-0F7Fh -ABANK0=080h-0FFh \
  -ABANK1=0100h-01FFh -ABANK2=0200h-02FFh -ABANK3=0300h-03FFh \
  -ABANK4=0400h-04FFh -ABANK5=0500h-05FFh -ABANK6=0600h-06FFh \
  -ABANK7=0700h-07FFh -ABANK8=0800h-08FFh -ABANK9=0900h-09FFh \
  -ABANK10=0A00h-0AFFh -ABANK11=0B00h-0BFFh -ABANK12=0C00h-0CFFh \
  -ABANK13=0D00h-0DFFh -ABANK14=0E00h-0EFFh -ABANK15=0F00h-0F7Fh \
  -ASFR=0F80h-0FFFh -ABIGSFR=0F80h-0FFFh -ACONFIG=0300000h-030000Dh \
  -AIDLOC=0200000h-0200007h -AEEDATA=0F00000h-0F003FFh -peeprom_data=EEDATA \
  -preset_vec=00h,intcode,intcodelo,powerup,init -pramtop=01000h \
  -psmallconst=SMALLCONST -pmediumconst=MEDIUMCONST -pconst=CONST \
  -AFARRAM=00h-00h \
  -prdata=COMRAM,nvrram=COMRAM,nvbit=COMRAM,rbss=COMRAM,rbit=COMRAM \
  -pfarbss=FARRAM,fardata=FARRAM,nvFARRAM=FARRAM \
  -pintsave_regs=BIGRAM,bigbss=BIGRAM,bigdata=BIGRAM -pbss=RAM \
  -pidata=CODE,irdata=CODE,ibigdata=CODE,ifardata=CODE -prparam=COMRAM \
  C:\Users\Blu-Ray\AppData\Local\Temp\xcAsa48.\driver_tmp_14.o \
  dist/default/debug\Embedded_systems.debug.o 

Object code version is 3.11

Machine type is 18F4620



                Name                               Link     Load   Length Selector   Space Scale
C:\Users\Blu-Ray\AppData\Local\Temp\xcAsa48.\driver_tmp_14.o
                config                           300000   300000        E        0       4
                init                                  0        0        4        0       0
dist/default/debug\Embedded_systems.debug.o
                config                           300000   300000        E        0       4
                smallconst                         1000     1000       42      800       0
                text30                             224C     224C       26      821       0
                text29                             1D64     1D64       7A      821       0
                text28                             1DDE     1DDE       74      821       0
                text27                             152C     152C      12A      821       0
                text26                             1656     1656      110      821       0
                text25                             1F82     1F82       5E      821       0
                text24                             1EBA     1EBA       66      821       0
                text23                             2112     2112       3E      821       0
                text22                             1E52     1E52       68      821       0
                text21                             2034     2034       54      821       0
                text20                             1860     1860       EA      821       0
                text19                             2294     2294       1A      821       0
                text18                             22B8     22B8        6      821       0
                text17                             2224     2224       28      821       0
                text16                             21F4     21F4       30      821       0
                text15                             194A     194A       C4      821       0
                text14                             1ABE     1ABE       B0      821       0
                text13                             21C0     21C0       34      821       0
                text12                             22BE     22BE        2      821       0
                text11                             1B6E     1B6E       AA      821       0
                text10                             1374     1374      1B8      821       0
                text9                              20D4     20D4       3E      821       0
                text8                              218C     218C       34      821       0
                text7                              2088     2088       4C      821       0
                text6                              1CC0     1CC0       A4      821       0
                text5                              1766     1766       FA      821       0
                text4                              1FE0     1FE0       54      821       0
                text3                              1A0E     1A0E       B0      821       0
                text2                              2150     2150       3C      821       0
                text1                              1C18     1C18       A8      821       0
                text0                              1042     1042      332      821       0
                cstackCOMRAM                          1        1       51        1       1
                dataBANK0                            A0       A0        A       80       1
                bssBANK0                             80       80       20       80       1
                dataCOMRAM                           52       52       22        1       1
                bssCOMRAM                            74       74        C        1       1
                cinit                              1F20     1F20       62      821       0
                nvBANK0                              AA       AA        1       80       1
                idataBANK0                         22AE     22AE        A      821       0
                idataCOMRAM                        2272     2272       22      821       0

TOTAL           Name                               Link     Load   Length     Space
        CLASS   CODE           
                init                                  0        0        4         0
                text30                             224C     224C       26         0
                text29                             1D64     1D64       7A         0
                text28                             1DDE     1DDE       74         0
                text27                             152C     152C      12A         0
                text26                             1656     1656      110         0
                text25                             1F82     1F82       5E         0
                text24                             1EBA     1EBA       66         0
                text23                             2112     2112       3E         0
                text22                             1E52     1E52       68         0
                text21                             2034     2034       54         0
                text20                             1860     1860       EA         0
                text19                             2294     2294       1A         0
                text18                             22B8     22B8        6         0
                text17                             2224     2224       28         0
                text16                             21F4     21F4       30         0
                text15                             194A     194A       C4         0
                text14                             1ABE     1ABE       B0         0
                text13                             21C0     21C0       34         0
                text12                             22BE     22BE        2         0
                text11                             1B6E     1B6E       AA         0
                text10                             1374     1374      1B8         0
                text9                              20D4     20D4       3E         0
                text8                              218C     218C       34         0
                text7                              2088     2088       4C         0
                text6                              1CC0     1CC0       A4         0
                text5                              1766     1766       FA         0
                text4                              1FE0     1FE0       54         0
                text3                              1A0E     1A0E       B0         0
                text2                              2150     2150       3C         0
                text1                              1C18     1C18       A8         0
                text0                              1042     1042      332         0
                cinit                              1F20     1F20       62         0
                idataBANK0                         22AE     22AE        A         0
                idataCOMRAM                        2272     2272       22         0

        CLASS   CONST          

        CLASS   SMALLCONST     
                smallconst                         1000     1000       42         0

        CLASS   MEDIUMCONST    

        CLASS   COMRAM         
                cstackCOMRAM                          1        1       51         1
                dataCOMRAM                           52       52       22         1
                bssCOMRAM                            74       74        C         1

        CLASS   ABS1           

        CLASS   BIGRAM         

        CLASS   RAM            

        CLASS   BANK0          
                dataBANK0                            A0       A0        A         1
                bssBANK0                             80       80       20         1
                nvBANK0                              AA       AA        1         1

        CLASS   BANK1          

        CLASS   BANK2          

        CLASS   BANK3          

        CLASS   BANK4          

        CLASS   BANK5          

        CLASS   BANK6          

        CLASS   BANK7          

        CLASS   BANK8          

        CLASS   BANK9          

        CLASS   BANK10         

        CLASS   BANK11         

        CLASS   BANK12         

        CLASS   BANK13         

        CLASS   BANK14         

        CLASS   BANK15         

        CLASS   SFR            

        CLASS   BIGSFR         

        CLASS   CONFIG         
                config                           300000   300000        E         4

        CLASS   IDLOC          

        CLASS   EEDATA         

        CLASS   FARRAM         

        CLASS   HEAP           

        CLASS   STACK          



SEGMENTS        Name                           Load    Length   Top    Selector   Space  Class

                reset_vec                      000000  000004  000004         0       0  CODE    
                cstackCOMRAM                   000001  00007F  000080         1       1  COMRAM  
                bssBANK0                       000080  00002B  0000AB        80       1  BANK0   
                smallconst                     001000  000042  001042       800       0  SMALLCON
                text0                          001042  00127E  0022C0       821       0  CODE    


UNUSED ADDRESS RANGES

        Name                Unused          Largest block    Delta
        BANK0            0000AB-0000FF               55
        BANK1            000100-0001FF              100
        BANK10           000A00-000AFF              100
        BANK11           000B00-000BFF              100
        BANK12           000C00-000CFF              100
        BANK13           000D00-000DFF              100
        BANK14           000E00-000EFF              100
        BANK15           000F00-000F7F               80
        BANK2            000200-0002FF              100
        BANK3            000300-0003FF              100
        BANK4            000400-0004FF              100
        BANK5            000500-0005FF              100
        BANK6            000600-0006FF              100
        BANK7            000700-0007FF              100
        BANK8            000800-0008FF              100
        BANK9            000900-0009FF              100
        BIGRAM           0000AB-000F7F              ED5
        BIGSFR           000F80-000FFF               80
        CODE             000004-000FFF              FFC
                         0022C0-00FFFF             DD40
        CONST            000004-000FFF              FFC
                         0022C0-00FFFF             DD40
        EEDATA           F00000-F003FF              400
        IDLOC            200000-200007                8
        MEDIUMCONST      0022C0-00FFFF             DD40
        RAM              0000AB-000F7F              100
        SFR              000F80-000FFF               80
        SMALLCONST       0022C0-00FFFF              100

                                  Symbol Table

?_Number_return                          cstackCOMRAM 000007
?___awdiv                                cstackCOMRAM 000001
?___awmod                                cstackCOMRAM 000001
?___lwdiv                                cstackCOMRAM 000001
?___wmul                                 cstackCOMRAM 000001
?_abs                                    cstackCOMRAM 000007
?_sprintf                                cstackCOMRAM 00001A
?_vfprintf                               cstackCOMRAM 000016
Number_return@arr                        cstackCOMRAM 000007
Number_return@count                      cstackCOMRAM 000008
Number_return@i                          cstackCOMRAM 00000E
Number_return@num                        cstackCOMRAM 00000C
_LATA                                    (abs)        000F89
_LATB                                    (abs)        000F8A
_LATC                                    (abs)        000F8B
_LATD                                    (abs)        000F8C
_LATE                                    (abs)        000F8D
_Number_return                           text29       001D64
_PORTA                                   (abs)        000F80
_PORTB                                   (abs)        000F81
_PORTC                                   (abs)        000F82
_PORTD                                   (abs)        000F83
_PORTE                                   (abs)        000F84
_TRISA                                   (abs)        000F92
_TRISB                                   (abs)        000F93
_TRISC                                   (abs)        000F94
_TRISD                                   (abs)        000F95
_TRISE                                   (abs)        000F96
__HRAM                                   (abs)        000000
__H__absolute__                          __absolute__ 000000
__Habs1                                  abs1         000000
__Hbank0                                 bank0        000000
__Hbank1                                 bank1        000000
__Hbank10                                bank10       000000
__Hbank11                                bank11       000000
__Hbank12                                bank12       000000
__Hbank13                                bank13       000000
__Hbank14                                bank14       000000
__Hbank15                                bank15       000000
__Hbank2                                 bank2        000000
__Hbank3                                 bank3        000000
__Hbank4                                 bank4        000000
__Hbank5                                 bank5        000000
__Hbank6                                 bank6        000000
__Hbank7                                 bank7        000000
__Hbank8                                 bank8        000000
__Hbank9                                 bank9        000000
__Hbigbss                                bigbss       000000
__Hbigdata                               bigdata      000000
__Hbigram                                bigram       000000
__Hbigsfr                                bigsfr       000000
__Hbss                                   bss          000000
__HbssBANK0                              bssBANK0     000000
__HbssCOMRAM                             bssCOMRAM    000000
__Hcinit                                 cinit        000000
__Hclrtext                               clrtext      000000
__Hcomram                                comram       000000
__Hconfig                                config       30000E
__Hconst                                 const        000000
__HcstackCOMRAM                          cstackCOMRAM 000000
__Hdata                                  data         000000
__HdataBANK0                             dataBANK0    000000
__HdataCOMRAM                            dataCOMRAM   000000
__Heeprom_data                           eeprom_data  000000
__Hfarbss                                farbss       000000
__Hfardata                               fardata      000000
__Hheap                                  heap         000000
__Hibigdata                              ibigdata     000000
__Hidata                                 idata        000000
__HidataBANK0                            idataBANK0   000000
__HidataCOMRAM                           idataCOMRAM  000000
__Hidloc                                 idloc        000000
__Hifardata                              ifardata     000000
__Hinit                                  init         000004
__Hintcode                               intcode      000000
__Hintcode_body                          intcode_body 000000
__Hintcodelo                             intcodelo    000000
__Hintentry                              intentry     000000
__Hintret                                intret       000000
__Hintsave_regs                          intsave_regs 000000
__Hirdata                                irdata       000000
__Hmediumconst                           mediumconst  000000
__HnvBANK0                               nvBANK0      000000
__HnvFARRAM                              nvFARRAM     000000
__Hnvbit                                 nvbit        000000
__Hnvrram                                nvrram       000000
__Hparam                                 rparam       000000
__Hpowerup                               powerup      000000
__Hram                                   ram          000000
__Hramtop                                ramtop       001000
__Hrbit                                  rbit         000000
__Hrbss                                  rbss         000000
__Hrdata                                 rdata        000000
__Hreset_vec                             reset_vec    000000
__Hrparam                                rparam       000000
__Hsfr                                   sfr          000000
__Hsmallconst                            smallconst   001042
__Hspace_0                               (abs)        0022C0
__Hspace_1                               (abs)        0000AB
__Hspace_2                               (abs)        000000
__Hspace_4                               (abs)        60000E
__Hstack                                 stack        000000
__Hstruct                                struct       000000
__Htemp                                  temp         000000
__Htext                                  text         000000
__Htext0                                 text0        000000
__Htext1                                 text1        000000
__Htext10                                text10       000000
__Htext11                                text11       000000
__Htext12                                text12       000000
__Htext13                                text13       000000
__Htext14                                text14       000000
__Htext15                                text15       000000
__Htext16                                text16       000000
__Htext17                                text17       000000
__Htext18                                text18       000000
__Htext19                                text19       000000
__Htext2                                 text2        000000
__Htext20                                text20       000000
__Htext21                                text21       000000
__Htext22                                text22       000000
__Htext23                                text23       000000
__Htext24                                text24       000000
__Htext25                                text25       000000
__Htext26                                text26       000000
__Htext27                                text27       000000
__Htext28                                text28       000000
__Htext29                                text29       000000
__Htext3                                 text3        000000
__Htext30                                text30       000000
__Htext4                                 text4        000000
__Htext5                                 text5        000000
__Htext6                                 text6        000000
__Htext7                                 text7        000000
__Htext8                                 text8        000000
__Htext9                                 text9        000000
__LRAM                                   (abs)        000001
__L__absolute__                          __absolute__ 000000
__Labs1                                  abs1         000000
__Lbank0                                 bank0        000000
__Lbank1                                 bank1        000000
__Lbank10                                bank10       000000
__Lbank11                                bank11       000000
__Lbank12                                bank12       000000
__Lbank13                                bank13       000000
__Lbank14                                bank14       000000
__Lbank15                                bank15       000000
__Lbank2                                 bank2        000000
__Lbank3                                 bank3        000000
__Lbank4                                 bank4        000000
__Lbank5                                 bank5        000000
__Lbank6                                 bank6        000000
__Lbank7                                 bank7        000000
__Lbank8                                 bank8        000000
__Lbank9                                 bank9        000000
__Lbigbss                                bigbss       000000
__Lbigdata                               bigdata      000000
__Lbigram                                bigram       000000
__Lbigsfr                                bigsfr       000000
__Lbss                                   bss          000000
__LbssBANK0                              bssBANK0     000000
__LbssCOMRAM                             bssCOMRAM    000000
__Lcinit                                 cinit        000000
__Lclrtext                               clrtext      000000
__Lcomram                                comram       000000
__Lconfig                                config       000000
__Lconst                                 const        000000
__LcstackCOMRAM                          cstackCOMRAM 000000
__Ldata                                  data         000000
__LdataBANK0                             dataBANK0    000000
__LdataCOMRAM                            dataCOMRAM   000000
__Leeprom_data                           eeprom_data  000000
__Lfarbss                                farbss       000000
__Lfardata                               fardata      000000
__Lheap                                  heap         000000
__Libigdata                              ibigdata     000000
__Lidata                                 idata        000000
__LidataBANK0                            idataBANK0   000000
__LidataCOMRAM                           idataCOMRAM  000000
__Lidloc                                 idloc        000000
__Lifardata                              ifardata     000000
__Linit                                  init         000000
__Lintcode                               intcode      000000
__Lintcode_body                          intcode_body 000000
__Lintcodelo                             intcodelo    000000
__Lintentry                              intentry     000000
__Lintret                                intret       000000
__Lintsave_regs                          intsave_regs 000000
__Lirdata                                irdata       000000
__Lmediumconst                           mediumconst  000000
__LnvBANK0                               nvBANK0      000000
__LnvFARRAM                              nvFARRAM     000000
__Lnvbit                                 nvbit        000000
__Lnvrram                                nvrram       000000
__Lparam                                 rparam       000000
__Lpowerup                               powerup      000000
__Lram                                   ram          000000
__Lramtop                                ramtop       001000
__Lrbit                                  rbit         000000
__Lrbss                                  rbss         000000
__Lrdata                                 rdata        000000
__Lreset_vec                             reset_vec    000000
__Lrparam                                rparam       000000
__Lsfr                                   sfr          000000
__Lsmallconst                            smallconst   001000
__Lspace_0                               (abs)        000000
__Lspace_1                               (abs)        000000
__Lspace_2                               (abs)        000000
__Lspace_4                               (abs)        000000
__Lstack                                 stack        000000
__Lstruct                                struct       000000
__Ltemp                                  temp         000000
__Ltext                                  text         000000
__Ltext0                                 text0        000000
__Ltext1                                 text1        000000
__Ltext10                                text10       000000
__Ltext11                                text11       000000
__Ltext12                                text12       000000
__Ltext13                                text13       000000
__Ltext14                                text14       000000
__Ltext15                                text15       000000
__Ltext16                                text16       000000
__Ltext17                                text17       000000
__Ltext18                                text18       000000
__Ltext19                                text19       000000
__Ltext2                                 text2        000000
__Ltext20                                text20       000000
__Ltext21                                text21       000000
__Ltext22                                text22       000000
__Ltext23                                text23       000000
__Ltext24                                text24       000000
__Ltext25                                text25       000000
__Ltext26                                text26       000000
__Ltext27                                text27       000000
__Ltext28                                text28       000000
__Ltext29                                text29       000000
__Ltext3                                 text3        000000
__Ltext30                                text30       000000
__Ltext4                                 text4        000000
__Ltext5                                 text5        000000
__Ltext6                                 text6        000000
__Ltext7                                 text7        000000
__Ltext8                                 text8        000000
__Ltext9                                 text9        000000
__S0                                     (abs)        0022C0
__S1                                     (abs)        0000AB
__S4                                     (abs)        000000
__S5                                     (abs)        000000
___awdiv                                 text15       00194A
___awdiv@counter                         cstackCOMRAM 000005
___awdiv@dividend                        cstackCOMRAM 000001
___awdiv@divisor                         cstackCOMRAM 000003
___awdiv@quotient                        cstackCOMRAM 000007
___awdiv@sign                            cstackCOMRAM 000006
___awmod                                 text14       001ABE
___awmod@counter                         cstackCOMRAM 000005
___awmod@dividend                        cstackCOMRAM 000001
___awmod@divisor                         cstackCOMRAM 000003
___awmod@sign                            cstackCOMRAM 000006
___heap_hi                               (abs)        000000
___heap_lo                               (abs)        000000
___inthi_sp                              stack        000000
___inthi_stack_hi                        stack        000000
___inthi_stack_lo                        stack        000000
___intlo_sp                              stack        000000
___intlo_stack_hi                        stack        000000
___intlo_stack_lo                        stack        000000
___lwdiv                                 text28       001DDE
___lwdiv@counter                         cstackCOMRAM 000007
___lwdiv@dividend                        cstackCOMRAM 000001
___lwdiv@divisor                         cstackCOMRAM 000003
___lwdiv@quotient                        cstackCOMRAM 000005
___param_bank                            (abs)        000000
___rparam_used                           (abs)        000001
___sp                                    stack        000000
___stack_hi                              stack        000000
___stack_lo                              stack        000000
___wmul                                  text30       00224C
___wmul@multiplicand                     cstackCOMRAM 000003
___wmul@multiplier                       cstackCOMRAM 000001
___wmul@product                          cstackCOMRAM 000005
__accesstop                              (abs)        000080
__activetblptr                           (abs)        000002
__end_of_Number_return                   text29       001DDE
__end_of___awdiv                         text15       001A0E
__end_of___awmod                         text14       001B6E
__end_of___lwdiv                         text28       001E52
__end_of___wmul                          text30       002272
__end_of__initialization                 cinit        001F78
__end_of_abs                             text13       0021F4
__end_of_application_intialize           text18       0022BE
__end_of_btn_values                      smallconst   001011
__end_of_clearDataArrays                 text17       00224C
__end_of_convert_uint16_to_string        text7        0020D4
__end_of_ecu_layer_intialize             text19       0022AE
__end_of_fputc                           text11       001C18
__end_of_gpio_pin_direction_intialize    text27       001656
__end_of_gpio_pin_intialize              text25       001FE0
__end_of_gpio_pin_read_logic             text6        001D64
__end_of_gpio_pin_write_logic            text26       001766
__end_of_keypad_get_value                text5        001860
__end_of_keypad_initialize               text24       001F20
__end_of_lcd_4bit_initialize             text20       00194A
__end_of_lcd_4bit_send_char_data         text4        002034
__end_of_lcd_4bit_send_char_data_pos     text2        00218C
__end_of_lcd_4bit_send_command           text21       002088
__end_of_lcd_4bit_send_string_pos        text1        001CC0
__end_of_lcd_4bits_send_enable_signal    text23       002150
__end_of_lcd_4bits_set_cursor            text3        001ABE
__end_of_lcd_send_4bits                  text22       001EBA
__end_of_main                            text0        001374
__end_of_memset                          text16       002224
__end_of_putch                           text12       0022C0
__end_of_sprintf                         text8        0021C0
__end_of_vfpfcnvrt                       text10       00152C
__end_of_vfprintf                        text9        002112
__initialization                         cinit        001F20
__mediumconst                            mediumconst  000000
__pbssBANK0                              bssBANK0     000080
__pbssCOMRAM                             bssCOMRAM    000074
__pcinit                                 cinit        001F20
__pcstackCOMRAM                          cstackCOMRAM 000001
__pdataBANK0                             dataBANK0    0000A0
__pdataCOMRAM                            dataCOMRAM   000052
__pidataBANK0                            idataBANK0   0022AE
__pidataCOMRAM                           idataCOMRAM  002272
__pnvBANK0                               nvBANK0      0000AA
__psmallconst                            smallconst   001000
__ptext0                                 text0        001042
__ptext1                                 text1        001C18
__ptext10                                text10       001374
__ptext11                                text11       001B6E
__ptext12                                text12       0022BE
__ptext13                                text13       0021C0
__ptext14                                text14       001ABE
__ptext15                                text15       00194A
__ptext16                                text16       0021F4
__ptext17                                text17       002224
__ptext18                                text18       0022B8
__ptext19                                text19       002294
__ptext2                                 text2        002150
__ptext20                                text20       001860
__ptext21                                text21       002034
__ptext22                                text22       001E52
__ptext23                                text23       002112
__ptext24                                text24       001EBA
__ptext25                                text25       001F82
__ptext26                                text26       001656
__ptext27                                text27       00152C
__ptext28                                text28       001DDE
__ptext29                                text29       001D64
__ptext3                                 text3        001A0E
__ptext30                                text30       00224C
__ptext4                                 text4        001FE0
__ptext5                                 text5        001766
__ptext6                                 text6        001CC0
__ptext7                                 text7        002088
__ptext8                                 text8        00218C
__ptext9                                 text9        0020D4
__ramtop                                 ramtop       001000
__smallconst                             smallconst   001000
_abs                                     text13       0021C0
_application_intialize                   text18       0022B8
_btn_values                              smallconst   001001
_clearDataArrays                         text17       002224
_convert_uint16_to_string                text7        002088
_dbuf                                    bssBANK0     000080
_ecu_layer_intialize                     text19       002294
_flags                                   bssCOMRAM    000078
_fputc                                   text11       001B6E
_gpio_pin_direction_intialize            text27       00152C
_gpio_pin_intialize                      text25       001F82
_gpio_pin_read_logic                     text6        001CC0
_gpio_pin_write_logic                    text26       001656
_keypad_1                                dataCOMRAM   000066
_keypad_get_value                        text5        001766
_keypad_initialize                       text24       001EBA
_lat_registers                           dataCOMRAM   000052
_lcd_1                                   dataCOMRAM   00006E
_lcd_4bit_initialize                     text20       001860
_lcd_4bit_send_char_data                 text4        001FE0
_lcd_4bit_send_char_data_pos             text2        002150
_lcd_4bit_send_command                   text21       002034
_lcd_4bit_send_string_pos                text1        001C18
_lcd_4bits_send_enable_signal            text23       002112
_lcd_4bits_set_cursor                    text3        001A0E
_lcd_send_4bits                          text22       001E52
_main                                    text0        001042
_memset                                  text16       0021F4
_port_registers                          dataBANK0    0000A0
_prec                                    bssCOMRAM    000076
_putch                                   text12       0022BE
_ret                                     nvBANK0      0000AA
_sprintf                                 text8        00218C
_tris_registers                          dataCOMRAM   00005C
_vfpfcnvrt                               text10       001374
_vfprintf                                text9        0020D4
_width                                   bssCOMRAM    000074
abs@a                                    cstackCOMRAM 000007
clearDataArrays@arr                      cstackCOMRAM 000001
clearDataArrays@i                        cstackCOMRAM 000003
clearDataArrays@size                     cstackCOMRAM 000002
convert_uint16_to_string@ret             cstackCOMRAM 00002E
convert_uint16_to_string@str             cstackCOMRAM 00002D
convert_uint16_to_string@value           cstackCOMRAM 00002B
end_of_initialization                    cinit        001F78
fputc@c                                  cstackCOMRAM 000001
fputc@fp                                 cstackCOMRAM 000003
gpio_pin_direction_intialize@_pin_config cstackCOMRAM 000001
gpio_pin_direction_intialize@ret         cstackCOMRAM 000007
gpio_pin_intialize@_pin_config           cstackCOMRAM 000009
gpio_pin_intialize@ret                   cstackCOMRAM 00000B
gpio_pin_read_logic@_pin_config          cstackCOMRAM 000001
gpio_pin_read_logic@logic                cstackCOMRAM 000002
gpio_pin_read_logic@ret                  cstackCOMRAM 000007
gpio_pin_write_logic@_pin_config         cstackCOMRAM 000001
gpio_pin_write_logic@logic               cstackCOMRAM 000002
gpio_pin_write_logic@ret                 cstackCOMRAM 000008
intlevel0                                text         000000
intlevel1                                text         000000
intlevel2                                text         000000
intlevel3                                text         000000
isa$std                                  (abs)        000001
isa$xinst                                (abs)        000000
keypad_get_value@_keypad_obj             cstackCOMRAM 000009
keypad_get_value@column_logic            cstackCOMRAM 00000D
keypad_get_value@keypad_value            cstackCOMRAM 00000A
keypad_get_value@l_coloumns_counter      cstackCOMRAM 000010
keypad_get_value@l_counter               cstackCOMRAM 00000E
keypad_get_value@l_rows_counter          cstackCOMRAM 00000F
keypad_get_value@ret                     cstackCOMRAM 00000C
keypad_initialize@_keypad_obj            cstackCOMRAM 00000C
keypad_initialize@coloumns_counter       cstackCOMRAM 00000F
keypad_initialize@ret                    cstackCOMRAM 00000D
keypad_initialize@rows_counter           cstackCOMRAM 00000E
lcd_4bit_initialize@l_data_pins_counter  cstackCOMRAM 000011
lcd_4bit_initialize@lcd                  cstackCOMRAM 00000F
lcd_4bit_initialize@ret                  cstackCOMRAM 000012
lcd_4bit_send_char_data@data             cstackCOMRAM 00000D
lcd_4bit_send_char_data@lcd              cstackCOMRAM 00000C
lcd_4bit_send_char_data@ret              cstackCOMRAM 00000E
lcd_4bit_send_char_data_pos@colomn       cstackCOMRAM 000017
lcd_4bit_send_char_data_pos@data         cstackCOMRAM 000018
lcd_4bit_send_char_data_pos@lcd          cstackCOMRAM 000015
lcd_4bit_send_char_data_pos@ret          cstackCOMRAM 000019
lcd_4bit_send_char_data_pos@row          cstackCOMRAM 000016
lcd_4bit_send_command@command            cstackCOMRAM 00000D
lcd_4bit_send_command@lcd                cstackCOMRAM 00000C
lcd_4bit_send_command@ret                cstackCOMRAM 00000E
lcd_4bit_send_string_pos@colomn          cstackCOMRAM 000017
lcd_4bit_send_string_pos@lcd             cstackCOMRAM 000015
lcd_4bit_send_string_pos@ret             cstackCOMRAM 00001A
lcd_4bit_send_string_pos@row             cstackCOMRAM 000016
lcd_4bit_send_string_pos@str             cstackCOMRAM 000018
lcd_4bits_send_enable_signal@lcd         cstackCOMRAM 000009
lcd_4bits_set_cursor@colomn              cstackCOMRAM 000011
lcd_4bits_set_cursor@lcd                 cstackCOMRAM 00000F
lcd_4bits_set_cursor@ret                 cstackCOMRAM 000014
lcd_4bits_set_cursor@row                 cstackCOMRAM 000010
lcd_send_4bits@_data_command             cstackCOMRAM 00000A
lcd_send_4bits@lcd                       cstackCOMRAM 000009
lcd_send_4bits@ret                       cstackCOMRAM 00000B
led_initialize@F3058                     bssCOMRAM    00007F
led_turn_off@F3068                       bssCOMRAM    00007D
led_turn_on@F3063                        bssCOMRAM    00007E
led_turn_toggle@F3073                    bssCOMRAM    00007C
main@FirstNumber                         cstackCOMRAM 000031
main@KeypadValue                         cstackCOMRAM 000051
main@SecondNumber                        cstackCOMRAM 000037
main@counter                             cstackCOMRAM 000050
main@counter2                            cstackCOMRAM 00004B
main@counter3                            cstackCOMRAM 00004A
main@number1                             cstackCOMRAM 00004C
main@number2                             cstackCOMRAM 00004E
main@operation                           cstackCOMRAM 000049
main@result                              cstackCOMRAM 00003D
memset@c                                 cstackCOMRAM 000002
memset@dest                              cstackCOMRAM 000001
memset@n                                 cstackCOMRAM 000004
memset@p                                 cstackCOMRAM 000006
relay_initialize@F3052                   bssCOMRAM    00007B
relay_turn_off@F3062                     bssCOMRAM    000079
relay_turn_on@F3057                      bssCOMRAM    00007A
sprintf@ap                               cstackCOMRAM 00001E
sprintf@f                                cstackCOMRAM 00001F
sprintf@fmt                              cstackCOMRAM 00001B
sprintf@s                                cstackCOMRAM 00001A
stackhi                                  (abs)        000000
stacklo                                  (abs)        000000
start                                    init         000000
start_initialization                     cinit        001F20
vfpfcnvrt@ap                             cstackCOMRAM 00000D
vfpfcnvrt@c                              cstackCOMRAM 000015
vfpfcnvrt@convarg                        cstackCOMRAM 000011
vfpfcnvrt@cp                             cstackCOMRAM 000010
vfpfcnvrt@done                           cstackCOMRAM 00000F
vfpfcnvrt@fmt                            cstackCOMRAM 00000C
vfpfcnvrt@fp                             cstackCOMRAM 00000B
vfprintf@ap                              cstackCOMRAM 000018
vfprintf@cfmt                            cstackCOMRAM 000019
vfprintf@fmt                             cstackCOMRAM 000017
vfprintf@fp                              cstackCOMRAM 000016


MODULE INFORMATION

Module		Function		Class		Link	Load	Size
C:\Program Files\Microchip\xc8\v2.45\pic\sources\c99\common\Umul16.c
		___wmul        		CODE           	224C	0000	38

C:\Program Files\Microchip\xc8\v2.45\pic\sources\c99\common\Umul16.c estimated size: 38

ECU_Layer/KeyPad/ecu_keypad.c
		_keypad_get_value		CODE           	1766	0000	250
		_keypad_initialize		CODE           	1EBA	0000	102

ECU_Layer/KeyPad/ecu_keypad.c estimated size: 352

ECU_Layer/Chr_LCD/ecu_chr_lcd.c
		_lcd_4bits_set_cursor		CODE           	1A0E	0000	176
		_lcd_4bit_send_command		CODE           	2034	0000	84
		_lcd_4bit_send_string_pos		CODE           	1C18	0000	168
		_lcd_4bit_send_char_data		CODE           	1FE0	0000	84
		_lcd_send_4bits		CODE           	1E52	0000	104
		_lcd_4bit_send_char_data_pos		CODE           	2150	0000	60
		_convert_uint16_to_string		CODE           	2088	0000	76
		_clearDataArrays		CODE           	2224	0000	40
		_Number_return 		CODE           	1D64	0000	122
		_lcd_4bits_send_enable_signal		CODE           	2112	0000	62
		_lcd_4bit_initialize		CODE           	1860	0000	234

ECU_Layer/Chr_LCD/ecu_chr_lcd.c estimated size: 1210

C:\Program Files\Microchip\xc8\v2.45\pic\sources\c99\common\nf_sprintf.c
		_sprintf       		CODE           	218C	0000	52

C:\Program Files\Microchip\xc8\v2.45\pic\sources\c99\common\nf_sprintf.c estimated size: 52

C:\Program Files\Microchip\xc8\v2.45\pic\sources\c99\common\awmod.c
		___awmod       		CODE           	1ABE	0000	176

C:\Program Files\Microchip\xc8\v2.45\pic\sources\c99\common\awmod.c estimated size: 176

C:\Program Files\Microchip\xc8\v2.45\pic\sources\c99\common\putch.c
		_putch         		CODE           	22BE	0000	2

C:\Program Files\Microchip\xc8\v2.45\pic\sources\c99\common\putch.c estimated size: 2

shared
		_btn_values    		SMALLCONST     	1001	0000	16
		__initialization		CODE           	1F20	0000	88

shared estimated size: 104

C:\Program Files\Microchip\xc8\v2.45\pic\sources\c99\common\abs.c
		_abs           		CODE           	21C0	0000	52

C:\Program Files\Microchip\xc8\v2.45\pic\sources\c99\common\abs.c estimated size: 52

MCAL_Layer/GPIO/hal_gpio.c
		_gpio_pin_write_logic		CODE           	1656	0000	272
		_gpio_pin_intialize		CODE           	1F82	0000	94
		_gpio_pin_read_logic		CODE           	1CC0	0000	164
		_gpio_pin_direction_intialize		CODE           	152C	0000	298

MCAL_Layer/GPIO/hal_gpio.c estimated size: 828

C:\Program Files\Microchip\xc8\v2.45\pic\sources\c99\common\memset.c
		_memset        		CODE           	21F4	0000	48

C:\Program Files\Microchip\xc8\v2.45\pic\sources\c99\common\memset.c estimated size: 48

ECU_Layer/ecu_layer_init.c
		_ecu_layer_intialize		CODE           	2294	0000	26

ECU_Layer/ecu_layer_init.c estimated size: 26

application.c
		_main          		CODE           	1042	0000	818
		_application_intialize		CODE           	22B8	0000	6

application.c estimated size: 824

C:\Program Files\Microchip\xc8\v2.45\pic\sources\c99\common\nf_fputc.c
		_fputc         		CODE           	1B6E	0000	170

C:\Program Files\Microchip\xc8\v2.45\pic\sources\c99\common\nf_fputc.c estimated size: 170

C:\Program Files\Microchip\xc8\v2.45\pic\sources\c99\common\doprnt.c
		_vfpfcnvrt     		CODE           	1374	0000	440
		_vfprintf      		CODE           	20D4	0000	62

C:\Program Files\Microchip\xc8\v2.45\pic\sources\c99\common\doprnt.c estimated size: 502

C:\Program Files\Microchip\xc8\v2.45\pic\sources\c99\common\lwdiv.c
		___lwdiv       		CODE           	1DDE	0000	116

C:\Program Files\Microchip\xc8\v2.45\pic\sources\c99\common\lwdiv.c estimated size: 116

C:\Program Files\Microchip\xc8\v2.45\pic\sources\c99\common\awdiv.c
		___awdiv       		CODE           	194A	0000	196

C:\Program Files\Microchip\xc8\v2.45\pic\sources\c99\common\awdiv.c estimated size: 196

